// Jest Snapshot v1, https://goo.gl/fbAQLP

exports[`render DialogBox correctly 1`] = `
ShallowWrapper {
  Symbol(enzyme.__root__): [Circular],
  Symbol(enzyme.__unrendered__): <DialogBox />,
  Symbol(enzyme.__renderer__): Object {
    "batchedUpdates": [Function],
    "getNode": [Function],
    "render": [Function],
    "simulateError": [Function],
    "simulateEvent": [Function],
    "unmount": [Function],
  },
  Symbol(enzyme.__node__): Object {
    "instance": null,
    "key": undefined,
    "nodeType": "host",
    "props": Object {
      "children": <WithStyles(Dialog)
        aria-labelledby="scroll-dialog-title"
        onClose={[Function]}
        open={true}
        scroll="paper"
      >
        <span>
          Loading...
        </span>
      </WithStyles(Dialog)>,
    },
    "ref": null,
    "rendered": Object {
      "instance": null,
      "key": undefined,
      "nodeType": "class",
      "props": Object {
        "aria-labelledby": "scroll-dialog-title",
        "children": <span>
          Loading...
        </span>,
        "onClose": [Function],
        "open": true,
        "scroll": "paper",
      },
      "ref": null,
      "rendered": Object {
        "instance": null,
        "key": undefined,
        "nodeType": "host",
        "props": Object {
          "children": "Loading...",
        },
        "ref": null,
        "rendered": "Loading...",
        "type": "span",
      },
      "type": [Function],
    },
    "type": "div",
  },
  Symbol(enzyme.__nodes__): Array [
    Object {
      "instance": null,
      "key": undefined,
      "nodeType": "host",
      "props": Object {
        "children": <WithStyles(Dialog)
          aria-labelledby="scroll-dialog-title"
          onClose={[Function]}
          open={true}
          scroll="paper"
        >
          <span>
            Loading...
          </span>
        </WithStyles(Dialog)>,
      },
      "ref": null,
      "rendered": Object {
        "instance": null,
        "key": undefined,
        "nodeType": "class",
        "props": Object {
          "aria-labelledby": "scroll-dialog-title",
          "children": <span>
            Loading...
          </span>,
          "onClose": [Function],
          "open": true,
          "scroll": "paper",
        },
        "ref": null,
        "rendered": Object {
          "instance": null,
          "key": undefined,
          "nodeType": "host",
          "props": Object {
            "children": "Loading...",
          },
          "ref": null,
          "rendered": "Loading...",
          "type": "span",
        },
        "type": [Function],
      },
      "type": "div",
    },
  ],
  Symbol(enzyme.__options__): Object {
    "adapter": ReactSixteenAdapter {
      "options": Object {
        "enableComponentDidUpdateOnSetState": true,
        "lifecycles": Object {
          "componentDidUpdate": Object {
            "onSetState": true,
          },
          "getDerivedStateFromProps": true,
          "getSnapshotBeforeUpdate": true,
          "setState": Object {
            "skipsComponentDidUpdateOnNullish": true,
          },
        },
      },
    },
  },
}
`;
